.next/dev/types/validator.ts(207,31): error TS2344: Type 'typeof import("C:/dev anti/gestao-calibracao/app/api/equipment/[id]/calibrations/route")' does not satisfy the constraint 'RouteHandlerConfig<"/api/equipment/[id]/calibrations">'.
  Types of property 'GET' are incompatible.
    Type '(request: Request, { params }: { params: { id: string; }; }) => Promise<NextResponse<{ id: string; createdAt: Date; notes: string | null; equipmentId: string; calibrationDate: Date; certificateNumber: string; ... 5 more ...; createdByUserId: string; }[]> | NextResponse<...>>' is not assignable to type '(request: NextRequest, context: { params: Promise<{ id: string; }>; }) => void | Response | Promise<void | Response>'.
      Types of parameters '__1' and 'context' are incompatible.
        Type '{ params: Promise<{ id: string; }>; }' is not assignable to type '{ params: { id: string; }; }'.
          Types of property 'params' are incompatible.
            Property 'id' is missing in type 'Promise<{ id: string; }>' but required in type '{ id: string; }'.
.next/dev/types/validator.ts(216,31): error TS2344: Type 'typeof import("C:/dev anti/gestao-calibracao/app/api/equipment/[id]/route")' does not satisfy the constraint 'RouteHandlerConfig<"/api/equipment/[id]">'.
  Types of property 'GET' are incompatible.
    Type '(request: Request, { params }: { params: { id: string; }; }) => Promise<NextResponse<{ name: string; id: string; status: EquipmentStatus; sectorId: string; createdAt: Date; updatedAt: Date; ... 9 more ...; dueDate: Date | null; }> | NextResponse<...>>' is not assignable to type '(request: NextRequest, context: { params: Promise<{ id: string; }>; }) => void | Response | Promise<void | Response>'.
      Types of parameters '__1' and 'context' are incompatible.
        Type '{ params: Promise<{ id: string; }>; }' is not assignable to type '{ params: { id: string; }; }'.
          Types of property 'params' are incompatible.
            Property 'id' is missing in type 'Promise<{ id: string; }>' but required in type '{ id: string; }'.
.next/types/validator.ts(207,31): error TS2344: Type 'typeof import("C:/dev anti/gestao-calibracao/app/api/equipment/[id]/calibrations/route")' does not satisfy the constraint 'RouteHandlerConfig<"/api/equipment/[id]/calibrations">'.
  Types of property 'GET' are incompatible.
    Type '(request: Request, { params }: { params: { id: string; }; }) => Promise<NextResponse<{ id: string; createdAt: Date; notes: string | null; equipmentId: string; calibrationDate: Date; certificateNumber: string; ... 5 more ...; createdByUserId: string; }[]> | NextResponse<...>>' is not assignable to type '(request: NextRequest, context: { params: Promise<{ id: string; }>; }) => void | Response | Promise<void | Response>'.
      Types of parameters '__1' and 'context' are incompatible.
        Type '{ params: Promise<{ id: string; }>; }' is not assignable to type '{ params: { id: string; }; }'.
          Types of property 'params' are incompatible.
            Property 'id' is missing in type 'Promise<{ id: string; }>' but required in type '{ id: string; }'.
.next/types/validator.ts(216,31): error TS2344: Type 'typeof import("C:/dev anti/gestao-calibracao/app/api/equipment/[id]/route")' does not satisfy the constraint 'RouteHandlerConfig<"/api/equipment/[id]">'.
  Types of property 'GET' are incompatible.
    Type '(request: Request, { params }: { params: { id: string; }; }) => Promise<NextResponse<{ name: string; id: string; status: EquipmentStatus; sectorId: string; createdAt: Date; updatedAt: Date; ... 9 more ...; dueDate: Date | null; }> | NextResponse<...>>' is not assignable to type '(request: NextRequest, context: { params: Promise<{ id: string; }>; }) => void | Response | Promise<void | Response>'.
      Types of parameters '__1' and 'context' are incompatible.
        Type '{ params: Promise<{ id: string; }>; }' is not assignable to type '{ params: { id: string; }; }'.
          Types of property 'params' are incompatible.
            Property 'id' is missing in type 'Promise<{ id: string; }>' but required in type '{ id: string; }'.
app/api/admin/users/approve/route.ts(71,24): error TS2561: Object literal may only specify known properties, but 'sector' does not exist in type 'UserInclude<DefaultArgs>'. Did you mean to write 'Sector'?
app/api/admin/users/approve/route.ts(76,13): error TS2322: Type '{ actorUserId: string; entityType: string; entityId: any; action: "APPROVE"; metadata: { role: any; sectorId: any; }; }' is not assignable to type '(Without<AuditLogCreateInput, AuditLogUncheckedCreateInput> & AuditLogUncheckedCreateInput) | (Without<...> & AuditLogCreateInput)'.
  Type '{ actorUserId: string; entityType: string; entityId: any; action: "APPROVE"; metadata: { role: any; sectorId: any; }; }' is not assignable to type 'Without<AuditLogCreateInput, AuditLogUncheckedCreateInput> & AuditLogUncheckedCreateInput'.
    Property 'id' is missing in type '{ actorUserId: string; entityType: string; entityId: any; action: "APPROVE"; metadata: { role: any; sectorId: any; }; }' but required in type 'AuditLogUncheckedCreateInput'.
app/api/admin/users/route.ts(38,17): error TS2561: Object literal may only specify known properties, but 'sector' does not exist in type 'UserInclude<DefaultArgs>'. Did you mean to write 'Sector'?
app/api/admin/users/route.ts(109,24): error TS2561: Object literal may only specify known properties, but 'sector' does not exist in type 'UserInclude<DefaultArgs>'. Did you mean to write 'Sector'?
app/api/admin/users/route.ts(114,13): error TS2322: Type '{ actorUserId: string; entityType: string; entityId: any; action: "UPDATE"; metadata: { changes: any; }; }' is not assignable to type '(Without<AuditLogCreateInput, AuditLogUncheckedCreateInput> & AuditLogUncheckedCreateInput) | (Without<...> & AuditLogCreateInput)'.
  Type '{ actorUserId: string; entityType: string; entityId: any; action: "UPDATE"; metadata: { changes: any; }; }' is not assignable to type 'Without<AuditLogCreateInput, AuditLogUncheckedCreateInput> & AuditLogUncheckedCreateInput'.
    Property 'id' is missing in type '{ actorUserId: string; entityType: string; entityId: any; action: "UPDATE"; metadata: { changes: any; }; }' but required in type 'AuditLogUncheckedCreateInput'.
app/api/admin/users/route.ts(182,13): error TS2322: Type '{ actorUserId: string; entityType: string; entityId: string; action: "DELETE"; metadata: { softDelete: true; }; }' is not assignable to type '(Without<AuditLogCreateInput, AuditLogUncheckedCreateInput> & AuditLogUncheckedCreateInput) | (Without<...> & AuditLogCreateInput)'.
  Type '{ actorUserId: string; entityType: string; entityId: string; action: "DELETE"; metadata: { softDelete: true; }; }' is not assignable to type 'Without<AuditLogCreateInput, AuditLogUncheckedCreateInput> & AuditLogUncheckedCreateInput'.
    Property 'id' is missing in type '{ actorUserId: string; entityType: string; entityId: string; action: "DELETE"; metadata: { softDelete: true; }; }' but required in type 'AuditLogUncheckedCreateInput'.
app/api/auth/sync-user/route.ts(23,24): error TS2561: Object literal may only specify known properties, but 'sector' does not exist in type 'UserInclude<DefaultArgs>'. Did you mean to write 'Sector'?
app/api/auth/sync-user/route.ts(31,17): error TS2322: Type '{ firebaseUid: string; email: string; name: any; photoUrl: string | undefined; role: "CRIADOR" | "VIEWER"; status: "PENDING" | "ACTIVE"; }' is not assignable to type '(Without<UserCreateInput, UserUncheckedCreateInput> & UserUncheckedCreateInput) | (Without<...> & UserCreateInput)'.
  Type '{ firebaseUid: string; email: string; name: any; photoUrl: string | undefined; role: "CRIADOR" | "VIEWER"; status: "PENDING" | "ACTIVE"; }' is not assignable to type 'Without<UserUncheckedCreateInput, UserCreateInput> & UserCreateInput'.
    Type '{ firebaseUid: string; email: string; name: any; photoUrl: string | undefined; role: "CRIADOR" | "VIEWER"; status: "PENDING" | "ACTIVE"; }' is missing the following properties from type 'UserCreateInput': id, updatedAt
app/api/auth/sync-user/route.ts(39,28): error TS2561: Object literal may only specify known properties, but 'sector' does not exist in type 'UserInclude<DefaultArgs>'. Did you mean to write 'Sector'?
app/api/auth/sync-user/route.ts(49,28): error TS2561: Object literal may only specify known properties, but 'sector' does not exist in type 'UserInclude<DefaultArgs>'. Did you mean to write 'Sector'?
app/api/calibration-rules/route.ts(11,17): error TS2561: Object literal may only specify known properties, but 'equipmentType' does not exist in type 'CalibrationRuleInclude<DefaultArgs>'. Did you mean to write 'EquipmentType'?
app/api/calibration-rules/route.ts(14,17): error TS2353: Object literal may only specify known properties, and 'equipmentType' does not exist in type 'CalibrationRuleOrderByWithRelationInput | CalibrationRuleOrderByWithRelationInput[]'.
app/api/calibration-rules/route.ts(58,13): error TS2322: Type '{ equipmentTypeId: any; intervalMonths: any; warnDays: any; }' is not assignable to type '(Without<CalibrationRuleCreateInput, CalibrationRuleUncheckedCreateInput> & CalibrationRuleUncheckedCreateInput) | (Without<...> & CalibrationRuleCreateInput)'.
  Type '{ equipmentTypeId: any; intervalMonths: any; warnDays: any; }' is not assignable to type 'Without<CalibrationRuleUncheckedCreateInput, CalibrationRuleCreateInput> & CalibrationRuleCreateInput'.
    Type '{ equipmentTypeId: any; intervalMonths: any; warnDays: any; }' is missing the following properties from type 'CalibrationRuleCreateInput': id, updatedAt, EquipmentType
app/api/calibration-rules/route.ts(64,17): error TS2561: Object literal may only specify known properties, but 'equipmentType' does not exist in type 'CalibrationRuleInclude<DefaultArgs>'. Did you mean to write 'EquipmentType'?
app/api/dashboard/route.ts(78,17): error TS2561: Object literal may only specify known properties, but 'sector' does not exist in type 'EquipmentInclude<DefaultArgs>'. Did you mean to write 'Sector'?
app/api/equipment-types/route.ts(39,13): error TS2322: Type '{ name: any; }' is not assignable to type '(Without<EquipmentTypeCreateInput, EquipmentTypeUncheckedCreateInput> & EquipmentTypeUncheckedCreateInput) | (Without<...> & EquipmentTypeCreateInput)'.
  Type '{ name: any; }' is not assignable to type 'Without<EquipmentTypeUncheckedCreateInput, EquipmentTypeCreateInput> & EquipmentTypeCreateInput'.
    Type '{ name: any; }' is missing the following properties from type 'EquipmentTypeCreateInput': id, updatedAt
app/api/equipment/[id]/calibrations/route.ts(38,17): error TS2353: Object literal may only specify known properties, and 'createdBy' does not exist in type 'CalibrationRecordInclude<DefaultArgs>'.
app/api/equipment/[id]/calibrations/route.ts(81,17): error TS2561: Object literal may only specify known properties, but 'equipmentType' does not exist in type 'EquipmentInclude<DefaultArgs>'. Did you mean to write 'EquipmentType'?
app/api/equipment/[id]/calibrations/route.ts(96,13): error TS2322: Type '{ equipmentId: string; calibrationDate: Date; certificateNumber: any; notes: any; attachmentKey: any; attachmentName: any; attachmentMime: any; attachmentSize: any; createdByUserId: string; }' is not assignable to type '(Without<CalibrationRecordCreateInput, CalibrationRecordUncheckedCreateInput> & CalibrationRecordUncheckedCreateInput) | (Without<...> & CalibrationRecordCreateInput)'.
  Type '{ equipmentId: string; calibrationDate: Date; certificateNumber: any; notes: any; attachmentKey: any; attachmentName: any; attachmentMime: any; attachmentSize: any; createdByUserId: string; }' is not assignable to type 'Without<CalibrationRecordCreateInput, CalibrationRecordUncheckedCreateInput> & CalibrationRecordUncheckedCreateInput'.
    Property 'id' is missing in type '{ equipmentId: string; calibrationDate: Date; certificateNumber: any; notes: any; attachmentKey: any; attachmentName: any; attachmentMime: any; attachmentSize: any; createdByUserId: string; }' but required in type 'CalibrationRecordUncheckedCreateInput'.
app/api/equipment/[id]/calibrations/route.ts(108,17): error TS2353: Object literal may only specify known properties, and 'createdBy' does not exist in type 'CalibrationRecordInclude<DefaultArgs>'.
app/api/equipment/[id]/calibrations/route.ts(123,23): error TS2551: Property 'equipmentType' does not exist on type '{ name: string; id: string; status: EquipmentStatus; sectorId: string; createdAt: Date; updatedAt: Date; equipmentTypeId: string; code: string; manufacturerModel: string | null; ... 6 more ...; dueDate: Date | null; }'. Did you mean 'equipmentTypeId'?
app/api/equipment/[id]/calibrations/route.ts(127,27): error TS2551: Property 'equipmentType' does not exist on type '{ name: string; id: string; status: EquipmentStatus; sectorId: string; createdAt: Date; updatedAt: Date; equipmentTypeId: string; code: string; manufacturerModel: string | null; ... 6 more ...; dueDate: Date | null; }'. Did you mean 'equipmentTypeId'?
app/api/equipment/[id]/calibrations/route.ts(130,13): error TS2322: Type 'EquipmentStatus' is not assignable to type '"CALIBRADO" | "IRA_VENCER" | "VENCIDO"'.
  Type '"DESATIVADO"' is not assignable to type '"CALIBRADO" | "IRA_VENCER" | "VENCIDO"'.
app/api/equipment/[id]/calibrations/route.ts(145,13): error TS2322: Type '{ actorUserId: string; entityType: string; entityId: string; action: "CREATE"; metadata: { equipmentId: string; certificateNumber: any; hasAttachment: boolean; }; }' is not assignable to type '(Without<AuditLogCreateInput, AuditLogUncheckedCreateInput> & AuditLogUncheckedCreateInput) | (Without<...> & AuditLogCreateInput)'.
  Type '{ actorUserId: string; entityType: string; entityId: string; action: "CREATE"; metadata: { equipmentId: string; certificateNumber: any; hasAttachment: boolean; }; }' is not assignable to type 'Without<AuditLogCreateInput, AuditLogUncheckedCreateInput> & AuditLogUncheckedCreateInput'.
    Property 'id' is missing in type '{ actorUserId: string; entityType: string; entityId: string; action: "CREATE"; metadata: { equipmentId: string; certificateNumber: any; hasAttachment: boolean; }; }' but required in type 'AuditLogUncheckedCreateInput'.
app/api/equipment/[id]/route.ts(16,17): error TS2561: Object literal may only specify known properties, but 'sector' does not exist in type 'EquipmentInclude<DefaultArgs>'. Did you mean to write 'Sector'?
app/api/equipment/[id]/route.ts(110,17): error TS2561: Object literal may only specify known properties, but 'sector' does not exist in type 'EquipmentInclude<DefaultArgs>'. Did you mean to write 'Sector'?
app/api/equipment/[id]/route.ts(145,24): error TS2353: Object literal may only specify known properties, and 'calibrations' does not exist in type 'EquipmentInclude<DefaultArgs>'.
app/api/equipment/route.ts(25,76): error TS2339: Property 'errors' does not exist on type 'ZodError<{ page: string; pageSize: string; sortBy: "name" | "code" | "dueDate"; sectorId?: string | undefined; status?: "CALIBRADO" | "IRA_VENCER" | "VENCIDO" | "DESATIVADO" | undefined; q?: string | undefined; }>'.
app/api/equipment/route.ts(81,21): error TS2561: Object literal may only specify known properties, but 'sector' does not exist in type 'EquipmentInclude<DefaultArgs>'. Did you mean to write 'Sector'?
app/api/equipment/route.ts(137,13): error TS2322: Type 'EquipmentStatus' is not assignable to type '"CALIBRADO" | "IRA_VENCER" | "VENCIDO"'.
  Type '"DESATIVADO"' is not assignable to type '"CALIBRADO" | "IRA_VENCER" | "VENCIDO"'.
app/api/equipment/route.ts(141,13): error TS2322: Type '{ name: any; code: any; manufacturerModel: any; resolution: any; capacity: any; responsible: any; notes: any; sectorId: any; equipmentTypeId: any; lastCalibrationDate: Date | null; lastCertificateNumber: any; dueDate: Date | null; status: "CALIBRADO" | ... 1 more ... | "VENCIDO"; }' is not assignable to type '(Without<EquipmentCreateInput, EquipmentUncheckedCreateInput> & EquipmentUncheckedCreateInput) | (Without<...> & EquipmentCreateInput)'.
  Type '{ name: any; code: any; manufacturerModel: any; resolution: any; capacity: any; responsible: any; notes: any; sectorId: any; equipmentTypeId: any; lastCalibrationDate: Date | null; lastCertificateNumber: any; dueDate: Date | null; status: "CALIBRADO" | ... 1 more ... | "VENCIDO"; }' is not assignable to type 'Without<EquipmentUncheckedCreateInput, EquipmentCreateInput> & EquipmentCreateInput'.
    Type '{ name: any; code: any; manufacturerModel: any; resolution: any; capacity: any; responsible: any; notes: any; sectorId: any; equipmentTypeId: any; lastCalibrationDate: Date | null; lastCertificateNumber: any; dueDate: Date | null; status: "CALIBRADO" | ... 1 more ... | "VENCIDO"; }' is missing the following properties from type 'EquipmentCreateInput': id, updatedAt, EquipmentType, Sector
app/api/equipment/route.ts(157,17): error TS2561: Object literal may only specify known properties, but 'sector' does not exist in type 'EquipmentInclude<DefaultArgs>'. Did you mean to write 'Sector'?
app/api/me/route.ts(66,24): error TS2561: Object literal may only specify known properties, but 'sector' does not exist in type 'UserInclude<DefaultArgs>'. Did you mean to write 'Sector'?
app/api/r2/presign/route.ts(19,71): error TS2339: Property 'errors' does not exist on type 'ZodError<{ equipmentId: string; fileName: string; fileType: string; fileSize: number; }>'.
app/api/sectors/route.ts(44,13): error TS2322: Type '{ name: any; code: any; description: any; }' is not assignable to type '(Without<SectorCreateInput, SectorUncheckedCreateInput> & SectorUncheckedCreateInput) | (Without<...> & SectorCreateInput)'.
  Type '{ name: any; code: any; description: any; }' is not assignable to type 'Without<SectorUncheckedCreateInput, SectorCreateInput> & SectorCreateInput'.
    Type '{ name: any; code: any; description: any; }' is missing the following properties from type 'SectorCreateInput': id, updatedAt
components/theme-provider.tsx(4,41): error TS2307: Cannot find module 'next-themes/dist/types' or its corresponding type declarations.
lib/auth/get-current-user.ts(20,13): error TS2561: Object literal may only specify known properties, but 'sector' does not exist in type 'UserInclude<DefaultArgs>'. Did you mean to write 'Sector'?
prisma.config.ts(4,30): error TS2307: Cannot find module 'prisma/config' or its corresponding type declarations.
prisma/seed.ts(25,7): error TS2322: Type '{ name: string; code: string; description: string; }' is not assignable to type '(Without<SectorCreateInput, SectorUncheckedCreateInput> & SectorUncheckedCreateInput) | (Without<...> & SectorCreateInput)'.
  Type '{ name: string; code: string; description: string; }' is not assignable to type 'Without<SectorUncheckedCreateInput, SectorCreateInput> & SectorCreateInput'.
    Type '{ name: string; code: string; description: string; }' is missing the following properties from type 'SectorCreateInput': id, updatedAt
prisma/seed.ts(28,7): error TS2322: Type '{ name: string; code: string; description: string; }' is not assignable to type '(Without<SectorCreateInput, SectorUncheckedCreateInput> & SectorUncheckedCreateInput) | (Without<...> & SectorCreateInput)'.
  Type '{ name: string; code: string; description: string; }' is not assignable to type 'Without<SectorUncheckedCreateInput, SectorCreateInput> & SectorCreateInput'.
    Type '{ name: string; code: string; description: string; }' is missing the following properties from type 'SectorCreateInput': id, updatedAt
prisma/seed.ts(31,7): error TS2322: Type '{ name: string; code: string; description: string; }' is not assignable to type '(Without<SectorCreateInput, SectorUncheckedCreateInput> & SectorUncheckedCreateInput) | (Without<...> & SectorCreateInput)'.
  Type '{ name: string; code: string; description: string; }' is not assignable to type 'Without<SectorUncheckedCreateInput, SectorCreateInput> & SectorCreateInput'.
    Type '{ name: string; code: string; description: string; }' is missing the following properties from type 'SectorCreateInput': id, updatedAt
prisma/seed.ts(34,7): error TS2322: Type '{ name: string; code: string; description: string; }' is not assignable to type '(Without<SectorCreateInput, SectorUncheckedCreateInput> & SectorUncheckedCreateInput) | (Without<...> & SectorCreateInput)'.
  Type '{ name: string; code: string; description: string; }' is not assignable to type 'Without<SectorUncheckedCreateInput, SectorCreateInput> & SectorCreateInput'.
    Type '{ name: string; code: string; description: string; }' is missing the following properties from type 'SectorCreateInput': id, updatedAt
prisma/seed.ts(37,7): error TS2322: Type '{ name: string; code: string; description: string; }' is not assignable to type '(Without<SectorCreateInput, SectorUncheckedCreateInput> & SectorUncheckedCreateInput) | (Without<...> & SectorCreateInput)'.
  Type '{ name: string; code: string; description: string; }' is not assignable to type 'Without<SectorUncheckedCreateInput, SectorCreateInput> & SectorCreateInput'.
    Type '{ name: string; code: string; description: string; }' is missing the following properties from type 'SectorCreateInput': id, updatedAt
prisma/seed.ts(45,35): error TS2322: Type '{ name: string; }' is not assignable to type '(Without<EquipmentTypeCreateInput, EquipmentTypeUncheckedCreateInput> & EquipmentTypeUncheckedCreateInput) | (Without<...> & EquipmentTypeCreateInput)'.
  Type '{ name: string; }' is not assignable to type 'Without<EquipmentTypeUncheckedCreateInput, EquipmentTypeCreateInput> & EquipmentTypeCreateInput'.
    Type '{ name: string; }' is missing the following properties from type 'EquipmentTypeCreateInput': id, updatedAt
prisma/seed.ts(46,35): error TS2322: Type '{ name: string; }' is not assignable to type '(Without<EquipmentTypeCreateInput, EquipmentTypeUncheckedCreateInput> & EquipmentTypeUncheckedCreateInput) | (Without<...> & EquipmentTypeCreateInput)'.
  Type '{ name: string; }' is not assignable to type 'Without<EquipmentTypeUncheckedCreateInput, EquipmentTypeCreateInput> & EquipmentTypeCreateInput'.
    Type '{ name: string; }' is missing the following properties from type 'EquipmentTypeCreateInput': id, updatedAt
prisma/seed.ts(47,35): error TS2322: Type '{ name: string; }' is not assignable to type '(Without<EquipmentTypeCreateInput, EquipmentTypeUncheckedCreateInput> & EquipmentTypeUncheckedCreateInput) | (Without<...> & EquipmentTypeCreateInput)'.
  Type '{ name: string; }' is not assignable to type 'Without<EquipmentTypeUncheckedCreateInput, EquipmentTypeCreateInput> & EquipmentTypeCreateInput'.
    Type '{ name: string; }' is missing the following properties from type 'EquipmentTypeCreateInput': id, updatedAt
prisma/seed.ts(48,35): error TS2322: Type '{ name: string; }' is not assignable to type '(Without<EquipmentTypeCreateInput, EquipmentTypeUncheckedCreateInput> & EquipmentTypeUncheckedCreateInput) | (Without<...> & EquipmentTypeCreateInput)'.
  Type '{ name: string; }' is not assignable to type 'Without<EquipmentTypeUncheckedCreateInput, EquipmentTypeCreateInput> & EquipmentTypeCreateInput'.
    Type '{ name: string; }' is missing the following properties from type 'EquipmentTypeCreateInput': id, updatedAt
prisma/seed.ts(49,35): error TS2322: Type '{ name: string; }' is not assignable to type '(Without<EquipmentTypeCreateInput, EquipmentTypeUncheckedCreateInput> & EquipmentTypeUncheckedCreateInput) | (Without<...> & EquipmentTypeCreateInput)'.
  Type '{ name: string; }' is not assignable to type 'Without<EquipmentTypeUncheckedCreateInput, EquipmentTypeCreateInput> & EquipmentTypeCreateInput'.
    Type '{ name: string; }' is missing the following properties from type 'EquipmentTypeCreateInput': id, updatedAt
prisma/seed.ts(50,35): error TS2322: Type '{ name: string; }' is not assignable to type '(Without<EquipmentTypeCreateInput, EquipmentTypeUncheckedCreateInput> & EquipmentTypeUncheckedCreateInput) | (Without<...> & EquipmentTypeCreateInput)'.
  Type '{ name: string; }' is not assignable to type 'Without<EquipmentTypeUncheckedCreateInput, EquipmentTypeCreateInput> & EquipmentTypeCreateInput'.
    Type '{ name: string; }' is missing the following properties from type 'EquipmentTypeCreateInput': id, updatedAt
prisma/seed.ts(51,35): error TS2322: Type '{ name: string; }' is not assignable to type '(Without<EquipmentTypeCreateInput, EquipmentTypeUncheckedCreateInput> & EquipmentTypeUncheckedCreateInput) | (Without<...> & EquipmentTypeCreateInput)'.
  Type '{ name: string; }' is not assignable to type 'Without<EquipmentTypeUncheckedCreateInput, EquipmentTypeCreateInput> & EquipmentTypeCreateInput'.
    Type '{ name: string; }' is missing the following properties from type 'EquipmentTypeCreateInput': id, updatedAt
prisma/seed.ts(52,35): error TS2322: Type '{ name: string; }' is not assignable to type '(Without<EquipmentTypeCreateInput, EquipmentTypeUncheckedCreateInput> & EquipmentTypeUncheckedCreateInput) | (Without<...> & EquipmentTypeCreateInput)'.
  Type '{ name: string; }' is not assignable to type 'Without<EquipmentTypeUncheckedCreateInput, EquipmentTypeCreateInput> & EquipmentTypeCreateInput'.
    Type '{ name: string; }' is missing the following properties from type 'EquipmentTypeCreateInput': id, updatedAt
prisma/seed.ts(60,7): error TS2322: Type '{ equipmentTypeId: string; intervalMonths: number; warnDays: number; }' is not assignable to type '(Without<CalibrationRuleCreateInput, CalibrationRuleUncheckedCreateInput> & CalibrationRuleUncheckedCreateInput) | (Without<...> & CalibrationRuleCreateInput)'.
  Type '{ equipmentTypeId: string; intervalMonths: number; warnDays: number; }' is not assignable to type 'Without<CalibrationRuleCreateInput, CalibrationRuleUncheckedCreateInput> & CalibrationRuleUncheckedCreateInput'.
    Type '{ equipmentTypeId: string; intervalMonths: number; warnDays: number; }' is missing the following properties from type 'CalibrationRuleUncheckedCreateInput': id, updatedAt
prisma/seed.ts(63,7): error TS2322: Type '{ equipmentTypeId: string; intervalMonths: number; warnDays: number; }' is not assignable to type '(Without<CalibrationRuleCreateInput, CalibrationRuleUncheckedCreateInput> & CalibrationRuleUncheckedCreateInput) | (Without<...> & CalibrationRuleCreateInput)'.
  Type '{ equipmentTypeId: string; intervalMonths: number; warnDays: number; }' is not assignable to type 'Without<CalibrationRuleCreateInput, CalibrationRuleUncheckedCreateInput> & CalibrationRuleUncheckedCreateInput'.
    Type '{ equipmentTypeId: string; intervalMonths: number; warnDays: number; }' is missing the following properties from type 'CalibrationRuleUncheckedCreateInput': id, updatedAt
prisma/seed.ts(66,7): error TS2322: Type '{ equipmentTypeId: string; intervalMonths: number; warnDays: number; }' is not assignable to type '(Without<CalibrationRuleCreateInput, CalibrationRuleUncheckedCreateInput> & CalibrationRuleUncheckedCreateInput) | (Without<...> & CalibrationRuleCreateInput)'.
  Type '{ equipmentTypeId: string; intervalMonths: number; warnDays: number; }' is not assignable to type 'Without<CalibrationRuleCreateInput, CalibrationRuleUncheckedCreateInput> & CalibrationRuleUncheckedCreateInput'.
    Type '{ equipmentTypeId: string; intervalMonths: number; warnDays: number; }' is missing the following properties from type 'CalibrationRuleUncheckedCreateInput': id, updatedAt
prisma/seed.ts(69,7): error TS2322: Type '{ equipmentTypeId: string; intervalMonths: number; warnDays: number; }' is not assignable to type '(Without<CalibrationRuleCreateInput, CalibrationRuleUncheckedCreateInput> & CalibrationRuleUncheckedCreateInput) | (Without<...> & CalibrationRuleCreateInput)'.
  Type '{ equipmentTypeId: string; intervalMonths: number; warnDays: number; }' is not assignable to type 'Without<CalibrationRuleCreateInput, CalibrationRuleUncheckedCreateInput> & CalibrationRuleUncheckedCreateInput'.
    Type '{ equipmentTypeId: string; intervalMonths: number; warnDays: number; }' is missing the following properties from type 'CalibrationRuleUncheckedCreateInput': id, updatedAt
prisma/seed.ts(72,7): error TS2322: Type '{ equipmentTypeId: string; intervalMonths: number; warnDays: number; }' is not assignable to type '(Without<CalibrationRuleCreateInput, CalibrationRuleUncheckedCreateInput> & CalibrationRuleUncheckedCreateInput) | (Without<...> & CalibrationRuleCreateInput)'.
  Type '{ equipmentTypeId: string; intervalMonths: number; warnDays: number; }' is not assignable to type 'Without<CalibrationRuleCreateInput, CalibrationRuleUncheckedCreateInput> & CalibrationRuleUncheckedCreateInput'.
    Type '{ equipmentTypeId: string; intervalMonths: number; warnDays: number; }' is missing the following properties from type 'CalibrationRuleUncheckedCreateInput': id, updatedAt
prisma/seed.ts(75,7): error TS2322: Type '{ equipmentTypeId: string; intervalMonths: number; warnDays: number; }' is not assignable to type '(Without<CalibrationRuleCreateInput, CalibrationRuleUncheckedCreateInput> & CalibrationRuleUncheckedCreateInput) | (Without<...> & CalibrationRuleCreateInput)'.
  Type '{ equipmentTypeId: string; intervalMonths: number; warnDays: number; }' is not assignable to type 'Without<CalibrationRuleCreateInput, CalibrationRuleUncheckedCreateInput> & CalibrationRuleUncheckedCreateInput'.
    Type '{ equipmentTypeId: string; intervalMonths: number; warnDays: number; }' is missing the following properties from type 'CalibrationRuleUncheckedCreateInput': id, updatedAt
prisma/seed.ts(78,7): error TS2322: Type '{ equipmentTypeId: string; intervalMonths: number; warnDays: number; }' is not assignable to type '(Without<CalibrationRuleCreateInput, CalibrationRuleUncheckedCreateInput> & CalibrationRuleUncheckedCreateInput) | (Without<...> & CalibrationRuleCreateInput)'.
  Type '{ equipmentTypeId: string; intervalMonths: number; warnDays: number; }' is not assignable to type 'Without<CalibrationRuleCreateInput, CalibrationRuleUncheckedCreateInput> & CalibrationRuleUncheckedCreateInput'.
    Type '{ equipmentTypeId: string; intervalMonths: number; warnDays: number; }' is missing the following properties from type 'CalibrationRuleUncheckedCreateInput': id, updatedAt
prisma/seed.ts(81,7): error TS2322: Type '{ equipmentTypeId: string; intervalMonths: number; warnDays: number; }' is not assignable to type '(Without<CalibrationRuleCreateInput, CalibrationRuleUncheckedCreateInput> & CalibrationRuleUncheckedCreateInput) | (Without<...> & CalibrationRuleCreateInput)'.
  Type '{ equipmentTypeId: string; intervalMonths: number; warnDays: number; }' is not assignable to type 'Without<CalibrationRuleCreateInput, CalibrationRuleUncheckedCreateInput> & CalibrationRuleUncheckedCreateInput'.
    Type '{ equipmentTypeId: string; intervalMonths: number; warnDays: number; }' is missing the following properties from type 'CalibrationRuleUncheckedCreateInput': id, updatedAt
prisma/seed.ts(106,7): error TS2322: Type '{ name: string; code: string; manufacturerModel: string; resolution: string; capacity: string; responsible: string; sectorId: string; equipmentTypeId: string; lastCalibrationDate: Date; lastCertificateNumber: string; dueDate: Date; status: "CALIBRADO"; }' is not assignable to type '(Without<EquipmentCreateInput, EquipmentUncheckedCreateInput> & EquipmentUncheckedCreateInput) | (Without<...> & EquipmentCreateInput)'.
  Type '{ name: string; code: string; manufacturerModel: string; resolution: string; capacity: string; responsible: string; sectorId: string; equipmentTypeId: string; lastCalibrationDate: Date; lastCertificateNumber: string; dueDate: Date; status: "CALIBRADO"; }' is not assignable to type 'Without<EquipmentCreateInput, EquipmentUncheckedCreateInput> & EquipmentUncheckedCreateInput'.
    Type '{ name: string; code: string; manufacturerModel: string; resolution: string; capacity: string; responsible: string; sectorId: string; equipmentTypeId: string; lastCalibrationDate: Date; lastCertificateNumber: string; dueDate: Date; status: "CALIBRADO"; }' is missing the following properties from type 'EquipmentUncheckedCreateInput': id, updatedAt
prisma/seed.ts(122,7): error TS2322: Type '{ name: string; code: string; manufacturerModel: string; resolution: string; capacity: string; responsible: string; sectorId: string; equipmentTypeId: string; lastCalibrationDate: Date; lastCertificateNumber: string; dueDate: Date; status: "IRA_VENCER"; }' is not assignable to type '(Without<EquipmentCreateInput, EquipmentUncheckedCreateInput> & EquipmentUncheckedCreateInput) | (Without<...> & EquipmentCreateInput)'.
  Type '{ name: string; code: string; manufacturerModel: string; resolution: string; capacity: string; responsible: string; sectorId: string; equipmentTypeId: string; lastCalibrationDate: Date; lastCertificateNumber: string; dueDate: Date; status: "IRA_VENCER"; }' is not assignable to type 'Without<EquipmentCreateInput, EquipmentUncheckedCreateInput> & EquipmentUncheckedCreateInput'.
    Type '{ name: string; code: string; manufacturerModel: string; resolution: string; capacity: string; responsible: string; sectorId: string; equipmentTypeId: string; lastCalibrationDate: Date; lastCertificateNumber: string; dueDate: Date; status: "IRA_VENCER"; }' is missing the following properties from type 'EquipmentUncheckedCreateInput': id, updatedAt
prisma/seed.ts(138,7): error TS2322: Type '{ name: string; code: string; manufacturerModel: string; resolution: string; capacity: string; responsible: string; sectorId: string; equipmentTypeId: string; lastCalibrationDate: Date; lastCertificateNumber: string; dueDate: Date; status: "IRA_VENCER"; }' is not assignable to type '(Without<EquipmentCreateInput, EquipmentUncheckedCreateInput> & EquipmentUncheckedCreateInput) | (Without<...> & EquipmentCreateInput)'.
  Type '{ name: string; code: string; manufacturerModel: string; resolution: string; capacity: string; responsible: string; sectorId: string; equipmentTypeId: string; lastCalibrationDate: Date; lastCertificateNumber: string; dueDate: Date; status: "IRA_VENCER"; }' is not assignable to type 'Without<EquipmentCreateInput, EquipmentUncheckedCreateInput> & EquipmentUncheckedCreateInput'.
    Type '{ name: string; code: string; manufacturerModel: string; resolution: string; capacity: string; responsible: string; sectorId: string; equipmentTypeId: string; lastCalibrationDate: Date; lastCertificateNumber: string; dueDate: Date; status: "IRA_VENCER"; }' is missing the following properties from type 'EquipmentUncheckedCreateInput': id, updatedAt
prisma/seed.ts(154,7): error TS2322: Type '{ name: string; code: string; manufacturerModel: string; resolution: string; capacity: string; responsible: string; sectorId: string; equipmentTypeId: string; lastCalibrationDate: Date; lastCertificateNumber: string; dueDate: Date; status: "VENCIDO"; }' is not assignable to type '(Without<EquipmentCreateInput, EquipmentUncheckedCreateInput> & EquipmentUncheckedCreateInput) | (Without<...> & EquipmentCreateInput)'.
  Type '{ name: string; code: string; manufacturerModel: string; resolution: string; capacity: string; responsible: string; sectorId: string; equipmentTypeId: string; lastCalibrationDate: Date; lastCertificateNumber: string; dueDate: Date; status: "VENCIDO"; }' is not assignable to type 'Without<EquipmentCreateInput, EquipmentUncheckedCreateInput> & EquipmentUncheckedCreateInput'.
    Type '{ name: string; code: string; manufacturerModel: string; resolution: string; capacity: string; responsible: string; sectorId: string; equipmentTypeId: string; lastCalibrationDate: Date; lastCertificateNumber: string; dueDate: Date; status: "VENCIDO"; }' is missing the following properties from type 'EquipmentUncheckedCreateInput': id, updatedAt
prisma/seed.ts(170,7): error TS2322: Type '{ name: string; code: string; manufacturerModel: string; resolution: string; capacity: string; responsible: string; sectorId: string; equipmentTypeId: string; lastCalibrationDate: Date; lastCertificateNumber: string; dueDate: Date; status: "CALIBRADO"; }' is not assignable to type '(Without<EquipmentCreateInput, EquipmentUncheckedCreateInput> & EquipmentUncheckedCreateInput) | (Without<...> & EquipmentCreateInput)'.
  Type '{ name: string; code: string; manufacturerModel: string; resolution: string; capacity: string; responsible: string; sectorId: string; equipmentTypeId: string; lastCalibrationDate: Date; lastCertificateNumber: string; dueDate: Date; status: "CALIBRADO"; }' is not assignable to type 'Without<EquipmentCreateInput, EquipmentUncheckedCreateInput> & EquipmentUncheckedCreateInput'.
    Type '{ name: string; code: string; manufacturerModel: string; resolution: string; capacity: string; responsible: string; sectorId: string; equipmentTypeId: string; lastCalibrationDate: Date; lastCertificateNumber: string; dueDate: Date; status: "CALIBRADO"; }' is missing the following properties from type 'EquipmentUncheckedCreateInput': id, updatedAt
prisma/seed.ts(186,7): error TS2322: Type '{ name: string; code: string; manufacturerModel: string; resolution: string; capacity: string; responsible: string; sectorId: string; equipmentTypeId: string; lastCalibrationDate: Date; lastCertificateNumber: string; dueDate: Date; status: "IRA_VENCER"; }' is not assignable to type '(Without<EquipmentCreateInput, EquipmentUncheckedCreateInput> & EquipmentUncheckedCreateInput) | (Without<...> & EquipmentCreateInput)'.
  Type '{ name: string; code: string; manufacturerModel: string; resolution: string; capacity: string; responsible: string; sectorId: string; equipmentTypeId: string; lastCalibrationDate: Date; lastCertificateNumber: string; dueDate: Date; status: "IRA_VENCER"; }' is not assignable to type 'Without<EquipmentCreateInput, EquipmentUncheckedCreateInput> & EquipmentUncheckedCreateInput'.
    Type '{ name: string; code: string; manufacturerModel: string; resolution: string; capacity: string; responsible: string; sectorId: string; equipmentTypeId: string; lastCalibrationDate: Date; lastCertificateNumber: string; dueDate: Date; status: "IRA_VENCER"; }' is missing the following properties from type 'EquipmentUncheckedCreateInput': id, updatedAt
prisma/seed.ts(204,7): error TS2322: Type '{ name: string; code: string; manufacturerModel: string; resolution: string; capacity: string; responsible: string; sectorId: string; equipmentTypeId: string; lastCalibrationDate: Date; lastCertificateNumber: string; dueDate: Date; status: "CALIBRADO"; }' is not assignable to type '(Without<EquipmentCreateInput, EquipmentUncheckedCreateInput> & EquipmentUncheckedCreateInput) | (Without<...> & EquipmentCreateInput)'.
  Type '{ name: string; code: string; manufacturerModel: string; resolution: string; capacity: string; responsible: string; sectorId: string; equipmentTypeId: string; lastCalibrationDate: Date; lastCertificateNumber: string; dueDate: Date; status: "CALIBRADO"; }' is not assignable to type 'Without<EquipmentCreateInput, EquipmentUncheckedCreateInput> & EquipmentUncheckedCreateInput'.
    Type '{ name: string; code: string; manufacturerModel: string; resolution: string; capacity: string; responsible: string; sectorId: string; equipmentTypeId: string; lastCalibrationDate: Date; lastCertificateNumber: string; dueDate: Date; status: "CALIBRADO"; }' is missing the following properties from type 'EquipmentUncheckedCreateInput': id, updatedAt
prisma/seed.ts(220,7): error TS2322: Type '{ name: string; code: string; manufacturerModel: string; resolution: string; capacity: string; responsible: string; sectorId: string; equipmentTypeId: string; lastCalibrationDate: Date; lastCertificateNumber: string; dueDate: Date; status: "VENCIDO"; }' is not assignable to type '(Without<EquipmentCreateInput, EquipmentUncheckedCreateInput> & EquipmentUncheckedCreateInput) | (Without<...> & EquipmentCreateInput)'.
  Type '{ name: string; code: string; manufacturerModel: string; resolution: string; capacity: string; responsible: string; sectorId: string; equipmentTypeId: string; lastCalibrationDate: Date; lastCertificateNumber: string; dueDate: Date; status: "VENCIDO"; }' is not assignable to type 'Without<EquipmentCreateInput, EquipmentUncheckedCreateInput> & EquipmentUncheckedCreateInput'.
    Type '{ name: string; code: string; manufacturerModel: string; resolution: string; capacity: string; responsible: string; sectorId: string; equipmentTypeId: string; lastCalibrationDate: Date; lastCertificateNumber: string; dueDate: Date; status: "VENCIDO"; }' is missing the following properties from type 'EquipmentUncheckedCreateInput': id, updatedAt
prisma/seed.ts(236,7): error TS2322: Type '{ name: string; code: string; manufacturerModel: string; resolution: string; capacity: string; responsible: string; sectorId: string; equipmentTypeId: string; lastCalibrationDate: Date; lastCertificateNumber: string; dueDate: Date; status: "CALIBRADO"; }' is not assignable to type '(Without<EquipmentCreateInput, EquipmentUncheckedCreateInput> & EquipmentUncheckedCreateInput) | (Without<...> & EquipmentCreateInput)'.
  Type '{ name: string; code: string; manufacturerModel: string; resolution: string; capacity: string; responsible: string; sectorId: string; equipmentTypeId: string; lastCalibrationDate: Date; lastCertificateNumber: string; dueDate: Date; status: "CALIBRADO"; }' is not assignable to type 'Without<EquipmentCreateInput, EquipmentUncheckedCreateInput> & EquipmentUncheckedCreateInput'.
    Type '{ name: string; code: string; manufacturerModel: string; resolution: string; capacity: string; responsible: string; sectorId: string; equipmentTypeId: string; lastCalibrationDate: Date; lastCertificateNumber: string; dueDate: Date; status: "CALIBRADO"; }' is missing the following properties from type 'EquipmentUncheckedCreateInput': id, updatedAt
prisma/seed.ts(252,7): error TS2322: Type '{ name: string; code: string; manufacturerModel: string; resolution: string; capacity: string; responsible: string; sectorId: string; equipmentTypeId: string; lastCalibrationDate: Date; lastCertificateNumber: string; dueDate: Date; status: "IRA_VENCER"; }' is not assignable to type '(Without<EquipmentCreateInput, EquipmentUncheckedCreateInput> & EquipmentUncheckedCreateInput) | (Without<...> & EquipmentCreateInput)'.
  Type '{ name: string; code: string; manufacturerModel: string; resolution: string; capacity: string; responsible: string; sectorId: string; equipmentTypeId: string; lastCalibrationDate: Date; lastCertificateNumber: string; dueDate: Date; status: "IRA_VENCER"; }' is not assignable to type 'Without<EquipmentCreateInput, EquipmentUncheckedCreateInput> & EquipmentUncheckedCreateInput'.
    Type '{ name: string; code: string; manufacturerModel: string; resolution: string; capacity: string; responsible: string; sectorId: string; equipmentTypeId: string; lastCalibrationDate: Date; lastCertificateNumber: string; dueDate: Date; status: "IRA_VENCER"; }' is missing the following properties from type 'EquipmentUncheckedCreateInput': id, updatedAt
prisma/seed.ts(268,7): error TS2322: Type '{ name: string; code: string; manufacturerModel: string; resolution: string; capacity: string; responsible: string; sectorId: string; equipmentTypeId: string; lastCalibrationDate: Date; lastCertificateNumber: string; dueDate: Date; status: "CALIBRADO"; }' is not assignable to type '(Without<EquipmentCreateInput, EquipmentUncheckedCreateInput> & EquipmentUncheckedCreateInput) | (Without<...> & EquipmentCreateInput)'.
  Type '{ name: string; code: string; manufacturerModel: string; resolution: string; capacity: string; responsible: string; sectorId: string; equipmentTypeId: string; lastCalibrationDate: Date; lastCertificateNumber: string; dueDate: Date; status: "CALIBRADO"; }' is not assignable to type 'Without<EquipmentCreateInput, EquipmentUncheckedCreateInput> & EquipmentUncheckedCreateInput'.
    Type '{ name: string; code: string; manufacturerModel: string; resolution: string; capacity: string; responsible: string; sectorId: string; equipmentTypeId: string; lastCalibrationDate: Date; lastCertificateNumber: string; dueDate: Date; status: "CALIBRADO"; }' is missing the following properties from type 'EquipmentUncheckedCreateInput': id, updatedAt
prisma/seed.ts(286,7): error TS2322: Type '{ name: string; code: string; manufacturerModel: string; resolution: string; capacity: string; responsible: string; sectorId: string; equipmentTypeId: string; lastCalibrationDate: Date; lastCertificateNumber: string; dueDate: Date; status: "CALIBRADO"; }' is not assignable to type '(Without<EquipmentCreateInput, EquipmentUncheckedCreateInput> & EquipmentUncheckedCreateInput) | (Without<...> & EquipmentCreateInput)'.
  Type '{ name: string; code: string; manufacturerModel: string; resolution: string; capacity: string; responsible: string; sectorId: string; equipmentTypeId: string; lastCalibrationDate: Date; lastCertificateNumber: string; dueDate: Date; status: "CALIBRADO"; }' is not assignable to type 'Without<EquipmentCreateInput, EquipmentUncheckedCreateInput> & EquipmentUncheckedCreateInput'.
    Type '{ name: string; code: string; manufacturerModel: string; resolution: string; capacity: string; responsible: string; sectorId: string; equipmentTypeId: string; lastCalibrationDate: Date; lastCertificateNumber: string; dueDate: Date; status: "CALIBRADO"; }' is missing the following properties from type 'EquipmentUncheckedCreateInput': id, updatedAt
prisma/seed.ts(302,7): error TS2322: Type '{ name: string; code: string; manufacturerModel: string; resolution: string; capacity: string; responsible: string; sectorId: string; equipmentTypeId: string; lastCalibrationDate: Date; lastCertificateNumber: string; dueDate: Date; status: "VENCIDO"; }' is not assignable to type '(Without<EquipmentCreateInput, EquipmentUncheckedCreateInput> & EquipmentUncheckedCreateInput) | (Without<...> & EquipmentCreateInput)'.
  Type '{ name: string; code: string; manufacturerModel: string; resolution: string; capacity: string; responsible: string; sectorId: string; equipmentTypeId: string; lastCalibrationDate: Date; lastCertificateNumber: string; dueDate: Date; status: "VENCIDO"; }' is not assignable to type 'Without<EquipmentCreateInput, EquipmentUncheckedCreateInput> & EquipmentUncheckedCreateInput'.
    Type '{ name: string; code: string; manufacturerModel: string; resolution: string; capacity: string; responsible: string; sectorId: string; equipmentTypeId: string; lastCalibrationDate: Date; lastCertificateNumber: string; dueDate: Date; status: "VENCIDO"; }' is missing the following properties from type 'EquipmentUncheckedCreateInput': id, updatedAt
prisma/seed.ts(318,7): error TS2322: Type '{ name: string; code: string; manufacturerModel: string; resolution: string; capacity: string; responsible: string; sectorId: string; equipmentTypeId: string; lastCalibrationDate: Date; lastCertificateNumber: string; dueDate: Date; status: "CALIBRADO"; }' is not assignable to type '(Without<EquipmentCreateInput, EquipmentUncheckedCreateInput> & EquipmentUncheckedCreateInput) | (Without<...> & EquipmentCreateInput)'.
  Type '{ name: string; code: string; manufacturerModel: string; resolution: string; capacity: string; responsible: string; sectorId: string; equipmentTypeId: string; lastCalibrationDate: Date; lastCertificateNumber: string; dueDate: Date; status: "CALIBRADO"; }' is not assignable to type 'Without<EquipmentCreateInput, EquipmentUncheckedCreateInput> & EquipmentUncheckedCreateInput'.
    Type '{ name: string; code: string; manufacturerModel: string; resolution: string; capacity: string; responsible: string; sectorId: string; equipmentTypeId: string; lastCalibrationDate: Date; lastCertificateNumber: string; dueDate: Date; status: "CALIBRADO"; }' is missing the following properties from type 'EquipmentUncheckedCreateInput': id, updatedAt
prisma/seed.ts(334,7): error TS2322: Type '{ name: string; code: string; manufacturerModel: string; resolution: string; capacity: string; responsible: string; sectorId: string; equipmentTypeId: string; lastCalibrationDate: Date; lastCertificateNumber: string; dueDate: Date; status: "CALIBRADO"; }' is not assignable to type '(Without<EquipmentCreateInput, EquipmentUncheckedCreateInput> & EquipmentUncheckedCreateInput) | (Without<...> & EquipmentCreateInput)'.
  Type '{ name: string; code: string; manufacturerModel: string; resolution: string; capacity: string; responsible: string; sectorId: string; equipmentTypeId: string; lastCalibrationDate: Date; lastCertificateNumber: string; dueDate: Date; status: "CALIBRADO"; }' is not assignable to type 'Without<EquipmentCreateInput, EquipmentUncheckedCreateInput> & EquipmentUncheckedCreateInput'.
    Type '{ name: string; code: string; manufacturerModel: string; resolution: string; capacity: string; responsible: string; sectorId: string; equipmentTypeId: string; lastCalibrationDate: Date; lastCertificateNumber: string; dueDate: Date; status: "CALIBRADO"; }' is missing the following properties from type 'EquipmentUncheckedCreateInput': id, updatedAt
prisma/seed.ts(352,7): error TS2322: Type '{ name: string; code: string; manufacturerModel: string; resolution: string; capacity: string; responsible: string; sectorId: string; equipmentTypeId: string; lastCalibrationDate: Date; lastCertificateNumber: string; dueDate: Date; status: "CALIBRADO"; }' is not assignable to type '(Without<EquipmentCreateInput, EquipmentUncheckedCreateInput> & EquipmentUncheckedCreateInput) | (Without<...> & EquipmentCreateInput)'.
  Type '{ name: string; code: string; manufacturerModel: string; resolution: string; capacity: string; responsible: string; sectorId: string; equipmentTypeId: string; lastCalibrationDate: Date; lastCertificateNumber: string; dueDate: Date; status: "CALIBRADO"; }' is not assignable to type 'Without<EquipmentCreateInput, EquipmentUncheckedCreateInput> & EquipmentUncheckedCreateInput'.
    Type '{ name: string; code: string; manufacturerModel: string; resolution: string; capacity: string; responsible: string; sectorId: string; equipmentTypeId: string; lastCalibrationDate: Date; lastCertificateNumber: string; dueDate: Date; status: "CALIBRADO"; }' is missing the following properties from type 'EquipmentUncheckedCreateInput': id, updatedAt
prisma/seed.ts(368,7): error TS2322: Type '{ name: string; code: string; manufacturerModel: string; resolution: string; capacity: string; responsible: string; sectorId: string; equipmentTypeId: string; lastCalibrationDate: Date; lastCertificateNumber: string; dueDate: Date; status: "CALIBRADO"; }' is not assignable to type '(Without<EquipmentCreateInput, EquipmentUncheckedCreateInput> & EquipmentUncheckedCreateInput) | (Without<...> & EquipmentCreateInput)'.
  Type '{ name: string; code: string; manufacturerModel: string; resolution: string; capacity: string; responsible: string; sectorId: string; equipmentTypeId: string; lastCalibrationDate: Date; lastCertificateNumber: string; dueDate: Date; status: "CALIBRADO"; }' is not assignable to type 'Without<EquipmentCreateInput, EquipmentUncheckedCreateInput> & EquipmentUncheckedCreateInput'.
    Type '{ name: string; code: string; manufacturerModel: string; resolution: string; capacity: string; responsible: string; sectorId: string; equipmentTypeId: string; lastCalibrationDate: Date; lastCertificateNumber: string; dueDate: Date; status: "CALIBRADO"; }' is missing the following properties from type 'EquipmentUncheckedCreateInput': id, updatedAt
prisma/seed.ts(384,7): error TS2322: Type '{ name: string; code: string; manufacturerModel: string; resolution: string; capacity: string; responsible: string; sectorId: string; equipmentTypeId: string; lastCalibrationDate: Date; lastCertificateNumber: string; dueDate: Date; status: "IRA_VENCER"; }' is not assignable to type '(Without<EquipmentCreateInput, EquipmentUncheckedCreateInput> & EquipmentUncheckedCreateInput) | (Without<...> & EquipmentCreateInput)'.
  Type '{ name: string; code: string; manufacturerModel: string; resolution: string; capacity: string; responsible: string; sectorId: string; equipmentTypeId: string; lastCalibrationDate: Date; lastCertificateNumber: string; dueDate: Date; status: "IRA_VENCER"; }' is not assignable to type 'Without<EquipmentCreateInput, EquipmentUncheckedCreateInput> & EquipmentUncheckedCreateInput'.
    Type '{ name: string; code: string; manufacturerModel: string; resolution: string; capacity: string; responsible: string; sectorId: string; equipmentTypeId: string; lastCalibrationDate: Date; lastCertificateNumber: string; dueDate: Date; status: "IRA_VENCER"; }' is missing the following properties from type 'EquipmentUncheckedCreateInput': id, updatedAt
prisma/seed.ts(400,7): error TS2322: Type '{ name: string; code: string; manufacturerModel: string; resolution: string; capacity: string; responsible: string; sectorId: string; equipmentTypeId: string; lastCalibrationDate: Date; lastCertificateNumber: string; dueDate: Date; status: "CALIBRADO"; }' is not assignable to type '(Without<EquipmentCreateInput, EquipmentUncheckedCreateInput> & EquipmentUncheckedCreateInput) | (Without<...> & EquipmentCreateInput)'.
  Type '{ name: string; code: string; manufacturerModel: string; resolution: string; capacity: string; responsible: string; sectorId: string; equipmentTypeId: string; lastCalibrationDate: Date; lastCertificateNumber: string; dueDate: Date; status: "CALIBRADO"; }' is not assignable to type 'Without<EquipmentCreateInput, EquipmentUncheckedCreateInput> & EquipmentUncheckedCreateInput'.
    Type '{ name: string; code: string; manufacturerModel: string; resolution: string; capacity: string; responsible: string; sectorId: string; equipmentTypeId: string; lastCalibrationDate: Date; lastCertificateNumber: string; dueDate: Date; status: "CALIBRADO"; }' is missing the following properties from type 'EquipmentUncheckedCreateInput': id, updatedAt
prisma/seed.ts(416,7): error TS2322: Type '{ name: string; code: string; manufacturerModel: string; resolution: string; capacity: string; responsible: string; sectorId: string; equipmentTypeId: string; lastCalibrationDate: Date; lastCertificateNumber: string; dueDate: Date; status: "CALIBRADO"; }' is not assignable to type '(Without<EquipmentCreateInput, EquipmentUncheckedCreateInput> & EquipmentUncheckedCreateInput) | (Without<...> & EquipmentCreateInput)'.
  Type '{ name: string; code: string; manufacturerModel: string; resolution: string; capacity: string; responsible: string; sectorId: string; equipmentTypeId: string; lastCalibrationDate: Date; lastCertificateNumber: string; dueDate: Date; status: "CALIBRADO"; }' is not assignable to type 'Without<EquipmentCreateInput, EquipmentUncheckedCreateInput> & EquipmentUncheckedCreateInput'.
    Type '{ name: string; code: string; manufacturerModel: string; resolution: string; capacity: string; responsible: string; sectorId: string; equipmentTypeId: string; lastCalibrationDate: Date; lastCertificateNumber: string; dueDate: Date; status: "CALIBRADO"; }' is missing the following properties from type 'EquipmentUncheckedCreateInput': id, updatedAt
prisma/seed.ts(434,7): error TS2322: Type '{ name: string; code: string; manufacturerModel: string; resolution: string; capacity: string; responsible: string; sectorId: string; equipmentTypeId: string; lastCalibrationDate: Date; lastCertificateNumber: string; dueDate: Date; status: "IRA_VENCER"; }' is not assignable to type '(Without<EquipmentCreateInput, EquipmentUncheckedCreateInput> & EquipmentUncheckedCreateInput) | (Without<...> & EquipmentCreateInput)'.
  Type '{ name: string; code: string; manufacturerModel: string; resolution: string; capacity: string; responsible: string; sectorId: string; equipmentTypeId: string; lastCalibrationDate: Date; lastCertificateNumber: string; dueDate: Date; status: "IRA_VENCER"; }' is not assignable to type 'Without<EquipmentCreateInput, EquipmentUncheckedCreateInput> & EquipmentUncheckedCreateInput'.
    Type '{ name: string; code: string; manufacturerModel: string; resolution: string; capacity: string; responsible: string; sectorId: string; equipmentTypeId: string; lastCalibrationDate: Date; lastCertificateNumber: string; dueDate: Date; status: "IRA_VENCER"; }' is missing the following properties from type 'EquipmentUncheckedCreateInput': id, updatedAt
prisma/seed.ts(450,7): error TS2322: Type '{ name: string; code: string; manufacturerModel: string; resolution: string; capacity: string; responsible: string; sectorId: string; equipmentTypeId: string; lastCalibrationDate: Date; lastCertificateNumber: string; dueDate: Date; status: "CALIBRADO"; }' is not assignable to type '(Without<EquipmentCreateInput, EquipmentUncheckedCreateInput> & EquipmentUncheckedCreateInput) | (Without<...> & EquipmentCreateInput)'.
  Type '{ name: string; code: string; manufacturerModel: string; resolution: string; capacity: string; responsible: string; sectorId: string; equipmentTypeId: string; lastCalibrationDate: Date; lastCertificateNumber: string; dueDate: Date; status: "CALIBRADO"; }' is not assignable to type 'Without<EquipmentCreateInput, EquipmentUncheckedCreateInput> & EquipmentUncheckedCreateInput'.
    Type '{ name: string; code: string; manufacturerModel: string; resolution: string; capacity: string; responsible: string; sectorId: string; equipmentTypeId: string; lastCalibrationDate: Date; lastCertificateNumber: string; dueDate: Date; status: "CALIBRADO"; }' is missing the following properties from type 'EquipmentUncheckedCreateInput': id, updatedAt
prisma/seed.ts(466,7): error TS2322: Type '{ name: string; code: string; manufacturerModel: string; resolution: string; capacity: string; responsible: string; sectorId: string; equipmentTypeId: string; lastCalibrationDate: Date; lastCertificateNumber: string; dueDate: Date; status: "VENCIDO"; }' is not assignable to type '(Without<EquipmentCreateInput, EquipmentUncheckedCreateInput> & EquipmentUncheckedCreateInput) | (Without<...> & EquipmentCreateInput)'.
  Type '{ name: string; code: string; manufacturerModel: string; resolution: string; capacity: string; responsible: string; sectorId: string; equipmentTypeId: string; lastCalibrationDate: Date; lastCertificateNumber: string; dueDate: Date; status: "VENCIDO"; }' is not assignable to type 'Without<EquipmentCreateInput, EquipmentUncheckedCreateInput> & EquipmentUncheckedCreateInput'.
    Type '{ name: string; code: string; manufacturerModel: string; resolution: string; capacity: string; responsible: string; sectorId: string; equipmentTypeId: string; lastCalibrationDate: Date; lastCertificateNumber: string; dueDate: Date; status: "VENCIDO"; }' is missing the following properties from type 'EquipmentUncheckedCreateInput': id, updatedAt
